 INPUTS
 --------------------------------------------------------------
 n_rho_grid= 51
 beta_N_ped= 0.5
 n14_ped= 0.90000000000000002  10**14 1/cm**3
 I_p= 1.02  MA
 B_t= 1.54  Tesla
 Rmaj0= 1.6699999999999999  meters
 delR0oa= 0.14999999999999999
 rmin= 0.59836922999999997  meters
 kappa_1= 1.75
 kappa_0= 1.
 delta_1= 0.20000000000000001
 delta_0= 0.
 q_1= 3.7999999999999998
 q_0= 1.
 rho_q= 0.5
 epa_q= 0.10000000000000001
 Zeff= 1.
 M_DT= 2.
 E_apha= 8.06798999999999988E-2  meV
 Fpeak_T= 3.
 Fpeak_n= 1.1000000000000001
 Fpeak_ei= 1.1000000000000001
use_T_equiv=0
NBI_flag=1
 --------------------------------------------------------------
 OUTPUTS
 --------------------------------------------------------------
 --------------------------------------------------------------
 OUTPUT profiles versus rho_hat for plotting
 --------------------------------------------------------------
 rho_hat grid
 0.0000000E+00
 2.0000000E-02
 4.0000000E-02
 6.0000000E-02
 8.0000000E-02
 1.0000000E-01
 1.2000000E-01
 1.4000000E-01
 1.6000000E-01
 1.8000000E-01
 2.0000000E-01
 2.2000000E-01
 2.4000000E-01
 2.6000000E-01
 2.8000000E-01
 3.0000000E-01
 3.2000000E-01
 3.4000000E-01
 3.6000000E-01
 3.8000000E-01
 4.0000000E-01
 4.2000000E-01
 4.4000000E-01
 4.6000000E-01
 4.8000000E-01
 5.0000000E-01
 5.2000000E-01
 5.4000000E-01
 5.6000000E-01
 5.8000000E-01
 6.0000000E-01
 6.2000000E-01
 6.4000000E-01
 6.6000000E-01
 6.8000000E-01
 7.0000000E-01
 7.2000000E-01
 7.4000000E-01
 7.6000000E-01
 7.8000000E-01
 8.0000000E-01
 8.2000000E-01
 8.4000000E-01
 8.6000000E-01
 8.8000000E-01
 9.0000000E-01
 9.2000000E-01
 9.4000000E-01
 9.6000000E-01
 9.8000000E-01
 1.0000000E+00
 --------------------------------------------------------------
 plasma profile
 --------------------------------------------------------------
 ion temperature in keV
 4.6228171E+00
 4.6114504E+00
 4.5892907E+00
 4.5569401E+00
 4.5149963E+00
 4.4640608E+00
 4.4047386E+00
 4.3376297E+00
 4.2633498E+00
 4.1825279E+00
 4.0957815E+00
 4.0037314E+00
 3.9070002E+00
 3.8062177E+00
 3.7019998E+00
 3.5949757E+00
 3.4857628E+00
 3.3749952E+00
 3.2632772E+00
 3.1511782E+00
 3.0392510E+00
 2.9280545E+00
 2.8181433E+00
 2.7100723E+00
 2.6043556E+00
 2.5015155E+00
 2.4020567E+00
 2.3064965E+00
 2.2153345E+00
 2.1290693E+00
 2.0481918E+00
 1.9730484E+00
 1.9037578E+00
 1.8403050E+00
 1.7825261E+00
 1.7301262E+00
 1.6826556E+00
 1.6395644E+00
 1.6002941E+00
 1.5642507E+00
 1.5300477E+00
 1.4943431E+00
 1.4543072E+00
 1.4076970E+00
 1.3522509E+00
 1.2858992E+00
 1.2074231E+00
 1.1167854E+00
 1.0151619E+00
 9.0591102E-01
 8.4943586E-01
 --------------------------------------------------------------
 electron temperature in keV
 2.7946305E+00
 2.7931928E+00
 2.7901283E+00
 2.7852470E+00
 2.7783573E+00
 2.7692662E+00
 2.7577863E+00
 2.7438593E+00
 2.7275160E+00
 2.7087904E+00
 2.6877260E+00
 2.6643558E+00
 2.6387152E+00
 2.6108452E+00
 2.5807804E+00
 2.5485539E+00
 2.5142095E+00
 2.4777804E+00
 2.4393002E+00
 2.3988117E+00
 2.3563584E+00
 2.3119947E+00
 2.2657850E+00
 2.2178039E+00
 2.1682365E+00
 2.1172901E+00
 2.0651789E+00
 2.0121186E+00
 1.9583222E+00
 1.9040038E+00
 1.8493746E+00
 1.7946270E+00
 1.7398349E+00
 1.6850313E+00
 1.6302319E+00
 1.5754566E+00
 1.5207168E+00
 1.4659781E+00
 1.4111614E+00
 1.3554776E+00
 1.2963209E+00
 1.2294428E+00
 1.1498518E+00
 1.0555435E+00
 9.4740001E-01
 8.2539296E-01
 6.8767625E-01
 5.0012321E-01
 3.1635860E-01
 1.7583807E-01
 1.0557781E-01
 --------------------------------------------------------------
 ion density in 10**19 1/m**3
 2.5873609E+00
 2.5726305E+00
 2.5509361E+00
 2.5406650E+00
 2.5461545E+00
 2.5563821E+00
 2.5664237E+00
 2.5752334E+00
 2.5843122E+00
 2.5948624E+00
 2.6062918E+00
 2.6183903E+00
 2.6309265E+00
 2.6421129E+00
 2.6502010E+00
 2.6549196E+00
 2.6553574E+00
 2.6515480E+00
 2.6432596E+00
 2.6305028E+00
 2.6142868E+00
 2.5953715E+00
 2.5748808E+00
 2.5536615E+00
 2.5324495E+00
 2.5121721E+00
 2.4935213E+00
 2.4769657E+00
 2.4623219E+00
 2.4492337E+00
 2.4371564E+00
 2.4254794E+00
 2.4134805E+00
 2.4004327E+00
 2.3861383E+00
 2.3709255E+00
 2.3548641E+00
 2.3383358E+00
 2.3216645E+00
 2.3045395E+00
 2.2859674E+00
 2.2645689E+00
 2.2387654E+00
 2.2069338E+00
 2.1672164E+00
 2.1161741E+00
 2.0483363E+00
 1.9585259E+00
 1.8437875E+00
 1.7074430E+00
 1.6392708E+00
 --------------------------------------------------------------
 electron density in 10**19 1/m**3
 5.0659391E+00
 5.0442147E+00
 5.0035803E+00
 4.9469660E+00
 4.8773070E+00
 4.7975225E+00
 4.7099816E+00
 4.6164717E+00
 4.5187586E+00
 4.4185963E+00
 4.3177512E+00
 4.2178410E+00
 4.1201386E+00
 4.0256235E+00
 3.9347320E+00
 3.8478127E+00
 3.7651921E+00
 3.6870558E+00
 3.6133087E+00
 3.5437630E+00
 3.4782258E+00
 3.4165099E+00
 3.3584212E+00
 3.3037633E+00
 3.2523479E+00
 3.2039846E+00
 3.1584808E+00
 3.1156407E+00
 3.0752769E+00
 3.0371962E+00
 3.0012054E+00
 2.9670946E+00
 2.9345970E+00
 2.9034603E+00
 2.8734527E+00
 2.8442606E+00
 2.8155026E+00
 2.7867862E+00
 2.7576086E+00
 2.7269823E+00
 2.6933913E+00
 2.6550013E+00
 2.6099568E+00
 2.5564120E+00
 2.4925326E+00
 2.4151875E+00
 2.3190593E+00
 2.1993352E+00
 2.0536080E+00
 1.8858302E+00
 1.8019413E+00
 --------------------------------------------------------------
 equilibrium profiles
 --------------------------------------------------------------
 midplane minor radius in meters
 0.0000000E+00
 1.3284436E-02
 2.6598612E-02
 3.9953633E-02
 5.3352186E-02
 6.6799218E-02
 8.0279689E-02
 9.3784386E-02
 1.0731095E-01
 1.2084846E-01
 1.3437798E-01
 1.4789238E-01
 1.6137984E-01
 1.7483150E-01
 1.8823583E-01
 2.0158391E-01
 2.1486636E-01
 2.2807644E-01
 2.4121181E-01
 2.5426919E-01
 2.6724882E-01
 2.8015049E-01
 2.9297444E-01
 3.0572055E-01
 3.1838736E-01
 3.3097235E-01
 3.4346721E-01
 3.5586328E-01
 3.6815273E-01
 3.8032806E-01
 3.9238610E-01
 4.0432489E-01
 4.1613516E-01
 4.2781151E-01
 4.3934632E-01
 4.5073159E-01
 4.6196151E-01
 4.7302412E-01
 4.8391257E-01
 4.9461785E-01
 5.0512923E-01
 5.1543632E-01
 5.2552986E-01
 5.3540280E-01
 5.4506173E-01
 5.5452430E-01
 5.6381257E-01
 5.7293093E-01
 5.8184957E-01
 5.9043309E-01
 5.9836923E-01
 --------------------------------------------------------------
 safety factor
 7.6911310E-01
 3.2125666E+00
 1.6579799E+00
 2.0451628E+00
 2.1228006E+00
 2.1022696E+00
 2.0978981E+00
 2.0965871E+00
 2.0937905E+00
 2.0910958E+00
 2.0903334E+00
 2.0939784E+00
 2.1027488E+00
 2.1169661E+00
 2.1368070E+00
 2.1625835E+00
 2.1941074E+00
 2.2302283E+00
 2.2702250E+00
 2.3140673E+00
 2.3620032E+00
 2.4147143E+00
 2.4719578E+00
 2.5332875E+00
 2.5992339E+00
 2.6704564E+00
 2.7483219E+00
 2.8330071E+00
 2.9239631E+00
 3.0215549E+00
 3.1272932E+00
 3.2425529E+00
 3.3670108E+00
 3.5010825E+00
 3.6441494E+00
 3.7983329E+00
 3.9661209E+00
 4.1459543E+00
 4.3376861E+00
 4.5411742E+00
 4.7556776E+00
 4.9803712E+00
 5.2123581E+00
 5.4489570E+00
 5.6905329E+00
 5.9322561E+00
 6.1886374E+00
 6.4925116E+00
 6.9077732E+00
 7.6972212E+00
 8.0456198E+00
 --------------------------------------------------------------
 Shafranov shifted major radius in meters
 1.8084698E+00
 1.8083149E+00
 1.8078471E+00
 1.8070530E+00
 1.8059195E+00
 1.8044451E+00
 1.8026203E+00
 1.8004300E+00
 1.7979553E+00
 1.7953287E+00
 1.7926287E+00
 1.7898758E+00
 1.7870903E+00
 1.7842937E+00
 1.7814886E+00
 1.7786736E+00
 1.7758477E+00
 1.7730043E+00
 1.7701356E+00
 1.7672361E+00
 1.7643004E+00
 1.7613225E+00
 1.7582944E+00
 1.7552126E+00
 1.7520744E+00
 1.7488754E+00
 1.7456152E+00
 1.7422933E+00
 1.7389118E+00
 1.7354734E+00
 1.7319789E+00
 1.7284306E+00
 1.7248338E+00
 1.7211928E+00
 1.7175126E+00
 1.7138004E+00
 1.7100589E+00
 1.7062946E+00
 1.7025129E+00
 1.6987201E+00
 1.6949236E+00
 1.6911292E+00
 1.6873374E+00
 1.6835527E+00
 1.6797793E+00
 1.6760078E+00
 1.6722310E+00
 1.6684382E+00
 1.6646244E+00
 1.6608274E+00
 1.6571384E+00
 --------------------------------------------------------------
 elongation
 1.5587265E+00
 1.5572856E+00
 1.5528519E+00
 1.5465013E+00
 1.5395495E+00
 1.5323794E+00
 1.5253447E+00
 1.5184992E+00
 1.5119154E+00
 1.5057857E+00
 1.5003570E+00
 1.4956748E+00
 1.4918222E+00
 1.4888158E+00
 1.4866639E+00
 1.4853183E+00
 1.4846768E+00
 1.4846261E+00
 1.4850930E+00
 1.4860534E+00
 1.4874810E+00
 1.4893104E+00
 1.4914521E+00
 1.4938255E+00
 1.4963962E+00
 1.4992040E+00
 1.5023352E+00
 1.5058427E+00
 1.5097564E+00
 1.5140759E+00
 1.5188345E+00
 1.5240480E+00
 1.5297616E+00
 1.5360282E+00
 1.5428999E+00
 1.5504464E+00
 1.5587171E+00
 1.5677685E+00
 1.5776752E+00
 1.5884961E+00
 1.6003442E+00
 1.6132597E+00
 1.6273096E+00
 1.6425730E+00
 1.6590838E+00
 1.6765722E+00
 1.6948008E+00
 1.7138632E+00
 1.7341755E+00
 1.7583687E+00
 1.7928713E+00
 --------------------------------------------------------------
 triangularity
 4.8133639E-03
 9.2500596E-03
 1.9298585E-02
 2.7503872E-02
 3.5078407E-02
 4.2027642E-02
 4.8506547E-02
 5.4574688E-02
 6.0011671E-02
 6.4725091E-02
 6.8628924E-02
 7.1874084E-02
 7.4812143E-02
 7.7745906E-02
 8.0740005E-02
 8.3796014E-02
 8.6930369E-02
 9.0224443E-02
 9.3782625E-02
 9.7586348E-02
 1.0149809E-01
 1.0541389E-01
 1.0939348E-01
 1.1366097E-01
 1.1834446E-01
 1.2339670E-01
 1.2867104E-01
 1.3412181E-01
 1.3983723E-01
 1.4596083E-01
 1.5253607E-01
 1.5949424E-01
 1.6690656E-01
 1.7481441E-01
 1.8325728E-01
 1.9229389E-01
 2.0179715E-01
 2.1200210E-01
 2.2306950E-01
 2.3520582E-01
 2.4845360E-01
 2.6268494E-01
 2.7820454E-01
 2.9542003E-01
 3.1414363E-01
 3.3336848E-01
 3.5373402E-01
 3.7552874E-01
 3.9930242E-01
 4.3196301E-01
 4.8400910E-01
 --------------------------------------------------------------
 slowing down alpha profiles
 --------------------------------------------------------------
 alpha density in 10**19 1/m**3
 1.1460216E+00
 1.1548314E+00
 1.1654875E+00
 1.1604408E+00
 1.1361920E+00
 1.1046009E+00
 1.0708752E+00
 1.0357704E+00
 9.9756184E-01
 9.5528402E-01
 9.0989597E-01
 8.6201960E-01
 8.1214466E-01
 7.6201811E-01
 7.1292289E-01
 6.6484502E-01
 6.1844058E-01
 5.7357499E-01
 5.3062089E-01
 4.8990075E-01
 4.5118410E-01
 4.1460914E-01
 3.7995371E-01
 3.4725451E-01
 3.1654917E-01
 2.8762436E-01
 2.6048795E-01
 2.3498352E-01
 2.1095120E-01
 1.8825893E-01
 1.6675327E-01
 1.4627247E-01
 1.2671706E-01
 1.0831934E-01
 9.1300077E-02
 7.5674621E-02
 6.1775531E-02
 4.9617637E-02
 3.9154601E-02
 3.0349329E-02
 2.3098089E-02
 1.7205383E-02
 1.2570946E-02
 8.9777026E-03
 6.2213101E-03
 4.2127160E-03
 2.7069081E-03
 1.6377345E-03
 9.9467013E-04
 7.7958308E-04
 7.7958308E-04
 --------------------------------------------------------------
 alpha source profiles
 --------------------------------------------------------------
 alpha source in 10**19 1/m**3/sec
 1.5154034E+01
 1.5209504E+01
 1.5235734E+01
 1.5013124E+01
 1.4512962E+01
 1.3904717E+01
 1.3265815E+01
 1.2612934E+01
 1.1931673E+01
 1.1217500E+01
 1.0488324E+01
 9.7563645E+00
 9.0303142E+00
 8.3309271E+00
 7.6711272E+00
 7.0489144E+00
 6.4691928E+00
 5.9281069E+00
 5.4266986E+00
 4.9653981E+00
 4.5392102E+00
 4.1471382E+00
 3.7847836E+00
 3.4505667E+00
 3.1430264E+00
 2.8584123E+00
 2.5953726E+00
 2.3511051E+00
 2.1229349E+00
 1.9085834E+00
 1.7056567E+00
 1.5117462E+00
 1.3251751E+00
 1.1478452E+00
 9.8176176E-01
 8.2689605E-01
 6.8686763E-01
 5.6212336E-01
 4.5257603E-01
 3.5847016E-01
 2.7959964E-01
 2.1466575E-01
 1.6331136E-01
 1.2318122E-01
 9.1796632E-02
 6.8539312E-02
 5.0519171E-02
 4.0180976E-02
 3.7549232E-02
 5.3340183E-02
 9.4486214E-02
 --------------------------------------------------------------
 alpha equivalent Maxwellian temperature in keV
 2.7982401E+01
 2.7980349E+01
 2.7975969E+01
 2.7968978E+01
 2.7959080E+01
 2.7945962E+01
 2.7929305E+01
 2.7908959E+01
 2.7884886E+01
 2.7857040E+01
 2.7825374E+01
 2.7789812E+01
 2.7750263E+01
 2.7706634E+01
 2.7658802E+01
 2.7606627E+01
 2.7549965E+01
 2.7488638E+01
 2.7422448E+01
 2.7351188E+01
 2.7274631E+01
 2.7192546E+01
 2.7104693E+01
 2.7010831E+01
 2.6910919E+01
 2.6804967E+01
 2.6693014E+01
 2.6575121E+01
 2.6451372E+01
 2.6321884E+01
 2.6186809E+01
 2.6046295E+01
 2.5900215E+01
 2.5748331E+01
 2.5590341E+01
 2.5425932E+01
 2.5254743E+01
 2.5076227E+01
 2.4889623E+01
 2.4691486E+01
 2.4470823E+01
 2.4207710E+01
 2.3873866E+01
 2.3445608E+01
 2.2904150E+01
 2.2215905E+01
 2.1315065E+01
 1.9793103E+01
 1.7762990E+01
 1.5487765E+01
 1.3814314E+01
 --------------------------------------------------------------
 E_alpha normed E_c: E_c_hat=E_c/E_alpha   cross over energy
 6.6390088E-01
 6.6355933E-01
 6.6283132E-01
 6.6167170E-01
 6.6003496E-01
 6.5787526E-01
 6.5514806E-01
 6.5183952E-01
 6.4795695E-01
 6.4350844E-01
 6.3850432E-01
 6.3295242E-01
 6.2686116E-01
 6.2024028E-01
 6.1309800E-01
 6.0544217E-01
 5.9728321E-01
 5.8862901E-01
 5.7948753E-01
 5.6986896E-01
 5.5978363E-01
 5.4924445E-01
 5.3826674E-01
 5.2686820E-01
 5.1509282E-01
 5.0298984E-01
 4.9061015E-01
 4.7800498E-01
 4.6522495E-01
 4.5232090E-01
 4.3934302E-01
 4.2633702E-01
 4.1332044E-01
 4.0030113E-01
 3.8728282E-01
 3.7427024E-01
 3.6126608E-01
 3.4826219E-01
 3.3523977E-01
 3.2201136E-01
 3.0795791E-01
 2.9207015E-01
 2.7316227E-01
 2.5075811E-01
 2.2506721E-01
 1.9608285E-01
 1.6336645E-01
 1.1881078E-01
 7.5155106E-02
 4.1772624E-02
 2.5081384E-02
 --------------------------------------------------------------
 --------------------------------------------------------------
 correct -K(0) pinch with max at -1.5
 5.7011987E-01
 5.7031285E-01
 5.7072451E-01
 5.7138108E-01
 5.7230964E-01
 5.7353819E-01
 5.7509492E-01
 5.7699159E-01
 5.7922869E-01
 5.8180708E-01
 5.8472705E-01
 5.8799107E-01
 5.9160202E-01
 5.9556270E-01
 5.9987755E-01
 6.0455195E-01
 6.0959043E-01
 6.1499982E-01
 6.2078762E-01
 6.2696071E-01
 6.3352656E-01
 6.4049165E-01
 6.4786143E-01
 6.5564021E-01
 6.6381427E-01
 6.7236515E-01
 6.8127170E-01
 6.9051075E-01
 7.0005754E-01
 7.0988490E-01
 7.1996374E-01
 7.3026591E-01
 7.4078372E-01
 7.5151675E-01
 7.6246786E-01
 7.7363914E-01
 7.8503449E-01
 7.9666790E-01
 8.0856423E-01
 8.2090955E-01
 8.3432312E-01
 8.4987270E-01
 8.6893736E-01
 8.9236445E-01
 9.2044113E-01
 9.5385280E-01
 9.9414048E-01
 1.0546282E+00
 1.1234093E+00
 1.1883125E+00
 1.2299431E+00
 --------------------------------------------------------------
 --------------------------------------------------------------
 incorrect -K(0) pinch
 9.9698397E-01
 9.9747639E-01
 9.9852531E-01
 1.0001941E+00
 1.0025454E+00
 1.0056405E+00
 1.0095369E+00
 1.0142457E+00
 1.0197460E+00
 1.0260142E+00
 1.0330220E+00
 1.0407431E+00
 1.0491488E+00
 1.0582074E+00
 1.0678879E+00
 1.0781584E+00
 1.0889825E+00
 1.1003260E+00
 1.1121534E+00
 1.1244253E+00
 1.1371012E+00
 1.1501365E+00
 1.1634834E+00
 1.1770907E+00
 1.1908772E+00
 1.2047584E+00
 1.2186515E+00
 1.2324779E+00
 1.2461640E+00
 1.2596410E+00
 1.2728460E+00
 1.2857256E+00
 1.2982582E+00
 1.3104332E+00
 1.3222444E+00
 1.3336854E+00
 1.3447520E+00
 1.3554494E+00
 1.3657899E+00
 1.3759107E+00
 1.3862371E+00
 1.3973807E+00
 1.4099044E+00
 1.4236998E+00
 1.4381178E+00
 1.4525792E+00
 1.4665979E+00
 1.4817608E+00
 1.4922410E+00
 1.4973389E+00
 1.4989273E+00
 --------------------------------------------------------------
 --------------------------------------------------------------
 incrrect/correct  -K(0)
 1.7487269E+00
 1.7489986E+00
 1.7495750E+00
 1.7504852E+00
 1.7517535E+00
 1.7533977E+00
 1.7554265E+00
 1.7578171E+00
 1.7605239E+00
 1.7634956E+00
 1.7666739E+00
 1.7699981E+00
 1.7734030E+00
 1.7768195E+00
 1.7801764E+00
 1.7834008E+00
 1.7864167E+00
 1.7891486E+00
 1.7915200E+00
 1.7934542E+00
 1.7948753E+00
 1.7957088E+00
 1.7958831E+00
 1.7953303E+00
 1.7939916E+00
 1.7918216E+00
 1.7887893E+00
 1.7848786E+00
 1.7800879E+00
 1.7744299E+00
 1.7679307E+00
 1.7606266E+00
 1.7525469E+00
 1.7437179E+00
 1.7341641E+00
 1.7239115E+00
 1.7129847E+00
 1.7013983E+00
 1.6891545E+00
 1.6760807E+00
 1.6615111E+00
 1.6442235E+00
 1.6225616E+00
 1.5954242E+00
 1.5624223E+00
 1.5228546E+00
 1.4752421E+00
 1.4050077E+00
 1.3283146E+00
 1.2600549E+00
 1.2186965E+00
 --------------------------------------------------------------
 --------------------------------------------------------------
 orbit smeared slowing down alpha profiles
 --------------------------------------------------------------
 smeared alpha density in 10**19 1/m**3
 1.1554949E+00
 1.1554949E+00
 1.1542010E+00
 1.1345315E+00
 1.1044085E+00
 1.0675316E+00
 1.0258306E+00
 9.8102440E-01
 9.3464193E-01
 8.8790447E-01
 8.4171008E-01
 7.9668000E-01
 7.5322556E-01
 7.1161761E-01
 6.7205189E-01
 6.3470068E-01
 5.9973592E-01
 5.6731949E-01
 5.3757408E-01
 5.1055595E-01
 4.8624288E-01
 4.6637416E-01
 4.4552791E-01
 4.2368385E-01
 4.0121364E-01
 3.7848919E-01
 3.5589584E-01
 3.3375608E-01
 3.1230400E-01
 2.9175523E-01
 2.7233795E-01
 2.5423421E-01
 2.3749005E-01
 2.2214578E-01
 2.0814976E-01
 1.9557698E-01
 1.8449418E-01
 1.7472792E-01
 1.6617139E-01
 1.5870325E-01
 1.5213735E-01
 1.4624236E-01
 1.4065003E-01
 1.3503601E-01
 1.2923673E-01
 1.2278566E-01
 1.1580086E-01
 1.0691528E-01
 9.8030837E-02
 9.6765397E-02
 8.4791163E-02
 --------------------------------------------------------------
 --------------------------------------------------------
 gradient slowing down alpha profiles
 --------------------------------------------------------------
 alpha density gradient in 10**19 1/m**3 per m
 0.
-8.1328965E-01
-2.3436198E-01
 1.2239725E+00
 2.3330035E+00
 2.7289505E+00
 2.8757537E+00
 3.0630485E+00
 3.3627389E+00
 3.6626996E+00
 3.8966083E+00
 4.0840716E+00
 4.1780846E+00
 4.1455077E+00
 4.0599134E+00
 3.9474920E+00
 3.8132822E+00
 3.6691263E+00
 3.4959284E+00
 3.3188868E+00
 3.1457003E+00
 2.9760216E+00
 2.8140915E+00
 2.6490558E+00
 2.4913610E+00
 2.3422503E+00
 2.1993460E+00
 2.0696565E+00
 1.9521638E+00
 1.8465994E+00
 1.7542037E+00
 1.6727218E+00
 1.5856902E+00
 1.4797295E+00
 1.3639036E+00
 1.2335421E+00
 1.0886666E+00
 9.4510750E-01
 8.0503421E-01
 6.7084466E-01
 5.4915700E-01
 4.3982638E-01
 3.4375432E-01
 2.6528921E-01
 1.9908220E-01
 1.4683250E-01
 1.0758330E-01
 7.1537685E-02
 3.5853758E-02
 8.9863850E-03
-0.0000000E+00
 --------------------------------------------------------------
 --------------------------------------------------------
 normed inverse temerpature gradient length
  slowing down alpha profiles:  a/LT_alpha
 --------------------------------------------------------------
 0.
 5.7467411E-03
 1.0161045E-02
 1.5096734E-02
 2.0580351E-02
 2.6635537E-02
 3.3121826E-02
 3.9789230E-02
 4.6547412E-02
 5.3408271E-02
 6.0402321E-02
 6.7570709E-02
 7.4934015E-02
 8.2526320E-02
 9.0393965E-02
 9.8561106E-02
 1.0706763E-01
 1.1597234E-01
 1.2530799E-01
 1.3510972E-01
 1.4541217E-01
 1.5623640E-01
 1.6760468E-01
 1.7934850E-01
 1.9124556E-01
 2.0323207E-01
 2.1526792E-01
 2.2731948E-01
 2.3934156E-01
 2.5127610E-01
 2.6309930E-01
 2.7508162E-01
 2.8760761E-01
 3.0086811E-01
 3.1496131E-01
 3.2997614E-01
 3.4617789E-01
 3.6401030E-01
 3.8644730E-01
 4.2403251E-01
 4.9423802E-01
 6.1649436E-01
 7.9804960E-01
 1.0340065E+00
 1.3422274E+00
 1.7882286E+00
 2.8416547E+00
 4.4865060E+00
 6.0594225E+00
 6.3738635E+00
 6.0569428E+00
 --------------------------------------------------------------
 --------------------------------------------------------
 normed inverse density gradient length
  slowing down alpha profiles:  a/Ln_alpha
 --------------------------------------------------------------
 0.
-4.2115937E-01
-1.2149964E-01
 6.4554182E-01
 1.2640228E+00
 1.5296222E+00
 1.6774334E+00
 1.8682858E+00
 2.1528667E+00
 2.4683362E+00
 2.7700874E+00
 3.0674584E+00
 3.3191084E+00
 3.4857826E+00
 3.6147912E+00
 3.7215302E+00
 3.8045924E+00
 3.8699398E+00
 3.8912888E+00
 3.8897201E+00
 3.8710907E+00
 3.8183071E+00
 3.7794843E+00
 3.7412649E+00
 3.7156108E+00
 3.7029605E+00
 3.6977701E+00
 3.7105504E+00
 3.7403132E+00
 3.7872440E+00
 3.8542608E+00
 3.9369417E+00
 3.9952337E+00
 3.9857816E+00
 3.9208211E+00
 3.7740313E+00
 3.5308681E+00
 3.2365935E+00
 2.8988607E+00
 2.5293295E+00
 2.1598815E+00
 1.7996057E+00
 1.4624384E+00
 1.1755449E+00
 9.2175551E-01
 7.1555626E-01
 5.5590725E-01
 4.0037262E-01
 2.1884732E-01
 5.5569206E-02
-0.0000000E+00
 --------------------------------------------------------------
 --------------------------------------------------------
 gradient orbit smeared slowing down alpha profiles
 --------------------------------------------------------------
 smeared alpha density gradient in 10**19 1/m**3 per m
 0.0000000E+00
 5.4060357E-02
 8.7585725E-01
 2.0803420E+00
 2.7992691E+00
 3.2830011E+00
 3.6142901E+00
 3.8098828E+00
 3.8905715E+00
 3.8827134E+00
 3.8113786E+00
 3.6969033E+00
 3.5539259E+00
 3.3914538E+00
 3.2136065E+00
 3.0213775E+00
 2.8152012E+00
 2.5971356E+00
 2.3715931E+00
 2.1446291E+00
 1.8459253E+00
 1.7010803E+00
 1.7836106E+00
 1.8514601E+00
 1.8882429E+00
 1.8933878E+00
 1.8689592E+00
 1.8212770E+00
 1.7548048E+00
 1.6697902E+00
 1.5676367E+00
 1.4559532E+00
 1.3406616E+00
 1.2258437E+00
 1.1100505E+00
 9.8833562E-01
 8.7107840E-01
 7.6553024E-01
 6.6951438E-01
 5.8634532E-01
 5.2061882E-01
 4.7994274E-01
 4.6820368E-01
 4.7685034E-01
 5.1182222E-01
 5.6135351E-01
 6.6306833E-01
 7.4243553E-01
 4.2406421E-01
 5.5315652E-01
 1.0005723E+00
 --------------------------------------------------------------
 --------------------------------------------------------
 normed log_e gradient slowing down alpha profiles
 --------------------------------------------------------------
 0.
-4.2140134E-01
-1.2032304E-01
 6.3112871E-01
 1.2286634E+00
 1.4782896E+00
 1.6068749E+00
 1.7695370E+00
 2.0170775E+00
 2.2942357E+00
 2.5625023E+00
 2.8349503E+00
 3.0783152E+00
 3.2552300E+00
 3.4075596E+00
 3.5527945E+00
 3.6895230E+00
 3.8277336E+00
 3.9422798E+00
 4.0537185E+00
 4.1718896E+00
 4.2950325E+00
 4.4317655E+00
 4.5647024E+00
 4.7093908E+00
 4.8727809E+00
 5.0521377E+00
 5.2702366E+00
 5.5373695E+00
 5.8693006E+00
 6.2946981E+00
 6.8427453E+00
 7.4877704E+00
 8.1742058E+00
 8.9388531E+00
 9.7537806E+00
 1.0545026E+01
 1.1397626E+01
 1.2302710E+01
 1.3226414E+01
 1.4226227E+01
 1.5296293E+01
 1.6362493E+01
 1.7681684E+01
 1.9147842E+01
 2.0855916E+01
 2.3781575E+01
 2.6137295E+01
 2.1568744E+01
 6.8975025E+00
-0.0000000E+00
 --------------------------------------------------------------
 --------------------------------------------------------
  slowing down alpha profiles normed to local electron density
 --------------------------------------------------------------
 2.2622096E-01
 2.2894176E-01
 2.3293071E-01
 2.3457626E-01
 2.3295478E-01
 2.3024403E-01
 2.2736293E-01
 2.2436407E-01
 2.2076015E-01
 2.1619627E-01
 2.1073377E-01
 2.0437461E-01
 1.9711586E-01
 1.8929195E-01
 1.8118715E-01
 1.7278518E-01
 1.6425207E-01
 1.5556450E-01
 1.4685180E-01
 1.3824309E-01
 1.2971674E-01
 1.2135458E-01
 1.1313462E-01
 1.0510877E-01
 9.7329431E-02
 8.9770831E-02
 8.2472545E-02
 7.5420609E-02
 6.8595839E-02
 6.1984448E-02
 5.5562098E-02
 4.9298216E-02
 4.3180396E-02
 3.7306982E-02
 3.1773649E-02
 2.6606079E-02
 2.1941209E-02
 1.7804608E-02
 1.4198752E-02
 1.1129272E-02
 8.5758386E-03
 6.4803671E-03
 4.8165341E-03
 3.5118371E-03
 2.4959794E-03
 1.7442604E-03
 1.1672440E-03
 7.4464979E-04
 4.8435248E-04
 4.1338986E-04
 4.3263511E-04
 --------------------------------------------------------------
 --------------------------------------------------------
  bannana half width relative to r_minor
 --------------------------------------------------------------
 0.0000000E+00
 2.6184951E-02
 4.0000000E-02
 6.0000000E-02
 8.0000000E-02
 1.0000000E-01
 1.2000000E-01
 1.4000000E-01
 1.6000000E-01
 1.8000000E-01
 2.0000000E-01
 2.2000000E-01
 2.4000000E-01
 2.6000000E-01
 2.8000000E-01
 3.0000000E-01
 3.2000000E-01
 3.4000000E-01
 3.6000000E-01
 3.8000000E-01
 4.0000000E-01
 3.9188928E-01
 3.8234054E-01
 3.7418273E-01
 3.6730898E-01
 3.6164751E-01
 3.5723568E-01
 3.5395542E-01
 3.5161769E-01
 3.5016583E-01
 3.4967459E-01
 3.5019240E-01
 3.5158815E-01
 3.5381736E-01
 3.5674044E-01
 3.6049472E-01
 3.6523122E-01
 3.7072471E-01
 3.7689119E-01
 3.8363570E-01
 3.9075947E-01
 3.9798392E-01
 4.0478588E-01
 4.1069121E-01
 4.1547200E-01
 4.1834304E-01
 4.1949335E-01
 4.1639234E-01
 4.1231282E-01
 4.2180075E-01
 4.0995756E-01
 --------------------------------------------------------------
