 INPUTS
 --------------------------------------------------------------
 n_rho_grid=          51
 beta_N_ped=  0.920000000000000     
 n14_ped=  0.900000000000000       10**14 1/cm**3
 I_p=   15.0000000000000       MA
 B_t=   5.30000000000000       Tesla
 Rmaj0=   6.20000000000000       meters
 delR0oa=  0.300000000000000     
 rmin=   2.00000000000000       meters
 kappa_1=   1.75000000000000     
 kappa_0=   1.00000000000000     
 delta_1=  0.200000000000000     
 delta_0=  0.000000000000000E+000
 q_1=   3.80000000000000     
 q_0=   1.00000000000000     
 rho_q=  0.500000000000000     
 epa_q=  0.100000000000000     
 Zeff=   1.00000000000000     
 M_DT=   2.50000000000000     
 E_apha=   3.50000000000000       meV
 Fpeak_T=   3.00000000000000     
 Fpeak_n=   1.10000000000000     
 Fpeak_ei=   1.10000000000000     
use_T_equiv=0
NBI_flag=2
 --------------------------------------------------------------
 OUTPUTS
 --------------------------------------------------------------
 --------------------------------------------------------------
 OUTPUT profiles versus rho_hat for plotting
 --------------------------------------------------------------
 rho_hat grid
 0.0000000E+00
 2.0000000E-02
 4.0000000E-02
 6.0000000E-02
 8.0000000E-02
 1.0000000E-01
 1.2000000E-01
 1.4000000E-01
 1.6000000E-01
 1.8000000E-01
 2.0000000E-01
 2.2000000E-01
 2.4000000E-01
 2.6000000E-01
 2.8000000E-01
 3.0000000E-01
 3.2000000E-01
 3.4000000E-01
 3.6000000E-01
 3.8000000E-01
 4.0000000E-01
 4.2000000E-01
 4.4000000E-01
 4.6000000E-01
 4.8000000E-01
 5.0000000E-01
 5.2000000E-01
 5.4000000E-01
 5.6000000E-01
 5.8000000E-01
 6.0000000E-01
 6.2000000E-01
 6.4000000E-01
 6.6000000E-01
 6.8000000E-01
 7.0000000E-01
 7.2000000E-01
 7.4000000E-01
 7.6000000E-01
 7.8000000E-01
 8.0000000E-01
 8.2000000E-01
 8.4000000E-01
 8.6000000E-01
 8.8000000E-01
 9.0000000E-01
 9.2000000E-01
 9.4000000E-01
 9.6000000E-01
 9.8000000E-01
 1.0000000E+00
 --------------------------------------------------------------
 plasma profile
 --------------------------------------------------------------
 ion temperature in keV
 1.4628000E+01
 1.4620200E+01
 1.4596819E+01
 1.4557912E+01
 1.4503574E+01
 1.4433935E+01
 1.4349165E+01
 1.4249468E+01
 1.4135089E+01
 1.4006308E+01
 1.3863443E+01
 1.3706851E+01
 1.3536924E+01
 1.3354094E+01
 1.3158828E+01
 1.2951631E+01
 1.2733048E+01
 1.2503657E+01
 1.2264078E+01
 1.2014965E+01
 1.1757011E+01
 1.1490947E+01
 1.1217540E+01
 1.0937595E+01
 1.0651955E+01
 1.0361500E+01
 1.0067147E+01
 9.7698516E+00
 9.4706056E+00
 9.1704391E+00
 8.8704192E+00
 8.5716507E+00
 8.2752757E+00
 7.9824739E+00
 7.6944622E+00
 7.4124952E+00
 7.1378648E+00
 6.8719005E+00
 6.6159690E+00
 6.3714747E+00
 6.1398592E+00
 5.9226018E+00
 5.7212191E+00
 5.5372652E+00
 5.3723316E+00
 5.2280472E+00
 5.1060785E+00
 5.0081295E+00
 4.9359413E+00
 4.8912927E+00
 4.8760000E+00
 --------------------------------------------------------------
 electron temperature in keV
 1.6090800E+01
 1.6081830E+01
 1.6054941E+01
 1.6010199E+01
 1.5947710E+01
 1.5867625E+01
 1.5770139E+01
 1.5655488E+01
 1.5523952E+01
 1.5375854E+01
 1.5211560E+01
 1.5031479E+01
 1.4836063E+01
 1.4625808E+01
 1.4401252E+01
 1.4162976E+01
 1.3911605E+01
 1.3647806E+01
 1.3372289E+01
 1.3085810E+01
 1.2789163E+01
 1.2483189E+01
 1.2168771E+01
 1.1846834E+01
 1.1518348E+01
 1.1184325E+01
 1.0845819E+01
 1.0503929E+01
 1.0159796E+01
 9.8146050E+00
 9.4695821E+00
 9.1259983E+00
 8.7851671E+00
 8.4484449E+00
 8.1172315E+00
 7.7929695E+00
 7.4771446E+00
 7.1712856E+00
 6.8769644E+00
 6.5957959E+00
 6.3294381E+00
 6.0795921E+00
 5.8480020E+00
 5.6364550E+00
 5.4467813E+00
 5.2808543E+00
 5.1405903E+00
 5.0279489E+00
 4.9449324E+00
 4.8935866E+00
 4.8760000E+00
 --------------------------------------------------------------
 ion density in 10**19 1/m**3
 9.9000000E+00
 9.8996400E+00
 9.8985600E+00
 9.8967600E+00
 9.8942400E+00
 9.8910000E+00
 9.8870400E+00
 9.8823600E+00
 9.8769600E+00
 9.8708400E+00
 9.8640000E+00
 9.8564400E+00
 9.8481600E+00
 9.8391600E+00
 9.8294400E+00
 9.8190000E+00
 9.8078400E+00
 9.7959600E+00
 9.7833600E+00
 9.7700400E+00
 9.7560000E+00
 9.7412400E+00
 9.7257600E+00
 9.7095600E+00
 9.6926400E+00
 9.6750000E+00
 9.6566400E+00
 9.6375600E+00
 9.6177600E+00
 9.5972400E+00
 9.5760000E+00
 9.5540400E+00
 9.5313600E+00
 9.5079600E+00
 9.4838400E+00
 9.4590000E+00
 9.4334400E+00
 9.4071600E+00
 9.3801600E+00
 9.3524400E+00
 9.3240000E+00
 9.2948400E+00
 9.2649600E+00
 9.2343600E+00
 9.2030400E+00
 9.1710000E+00
 9.1382400E+00
 9.1047600E+00
 9.0705600E+00
 9.0356400E+00
 9.0000000E+00
 --------------------------------------------------------------
 electron density in 10**19 1/m**3
 9.9000000E+00
 9.8996400E+00
 9.8985600E+00
 9.8967600E+00
 9.8942400E+00
 9.8910000E+00
 9.8870400E+00
 9.8823600E+00
 9.8769600E+00
 9.8708400E+00
 9.8640000E+00
 9.8564400E+00
 9.8481600E+00
 9.8391600E+00
 9.8294400E+00
 9.8190000E+00
 9.8078400E+00
 9.7959600E+00
 9.7833600E+00
 9.7700400E+00
 9.7560000E+00
 9.7412400E+00
 9.7257600E+00
 9.7095600E+00
 9.6926400E+00
 9.6750000E+00
 9.6566400E+00
 9.6375600E+00
 9.6177600E+00
 9.5972400E+00
 9.5760000E+00
 9.5540400E+00
 9.5313600E+00
 9.5079600E+00
 9.4838400E+00
 9.4590000E+00
 9.4334400E+00
 9.4071600E+00
 9.3801600E+00
 9.3524400E+00
 9.3240000E+00
 9.2948400E+00
 9.2649600E+00
 9.2343600E+00
 9.2030400E+00
 9.1710000E+00
 9.1382400E+00
 9.1047600E+00
 9.0705600E+00
 9.0356400E+00
 9.0000000E+00
 --------------------------------------------------------------
 equilibrium profiles
 --------------------------------------------------------------
 midplane minor radius in meters
 0.0000000E+00
 4.0000000E-02
 8.0000000E-02
 1.2000000E-01
 1.6000000E-01
 2.0000000E-01
 2.4000000E-01
 2.8000000E-01
 3.2000000E-01
 3.6000000E-01
 4.0000000E-01
 4.4000000E-01
 4.8000000E-01
 5.2000000E-01
 5.6000000E-01
 6.0000000E-01
 6.4000000E-01
 6.8000000E-01
 7.2000000E-01
 7.6000000E-01
 8.0000000E-01
 8.4000000E-01
 8.8000000E-01
 9.2000000E-01
 9.6000000E-01
 1.0000000E+00
 1.0400000E+00
 1.0800000E+00
 1.1200000E+00
 1.1600000E+00
 1.2000000E+00
 1.2400000E+00
 1.2800000E+00
 1.3200000E+00
 1.3600000E+00
 1.4000000E+00
 1.4400000E+00
 1.4800000E+00
 1.5200000E+00
 1.5600000E+00
 1.6000000E+00
 1.6400000E+00
 1.6800000E+00
 1.7200000E+00
 1.7600000E+00
 1.8000000E+00
 1.8400000E+00
 1.8800000E+00
 1.9200000E+00
 1.9600000E+00
 2.0000000E+00
 --------------------------------------------------------------
 safety factor
 1.0000000E+00
 1.0020000E+00
 1.0040000E+00
 1.0060000E+00
 1.0080000E+00
 1.0100000E+00
 1.0120000E+00
 1.0140000E+00
 1.0160000E+00
 1.0180000E+00
 1.0200000E+00
 1.0220000E+00
 1.0240000E+00
 1.0260000E+00
 1.0280000E+00
 1.0300000E+00
 1.0320000E+00
 1.0340000E+00
 1.0360000E+00
 1.0380000E+00
 1.0400000E+00
 1.0420000E+00
 1.0440000E+00
 1.0460000E+00
 1.0480000E+00
 1.0500000E+00
 1.0583200E+00
 1.0752800E+00
 1.1008800E+00
 1.1351200E+00
 1.1780000E+00
 1.2295200E+00
 1.2896800E+00
 1.3584800E+00
 1.4359200E+00
 1.5220000E+00
 1.6167200E+00
 1.7200800E+00
 1.8320800E+00
 1.9527200E+00
 2.0820000E+00
 2.2199200E+00
 2.3664800E+00
 2.5216800E+00
 2.6855200E+00
 2.8580000E+00
 3.0391200E+00
 3.2288800E+00
 3.4272800E+00
 3.6343200E+00
 3.8500000E+00
 --------------------------------------------------------------
 Shafranov shifted major radius in meters
 6.8000000E+00
 6.7880000E+00
 6.7760000E+00
 6.7640000E+00
 6.7520000E+00
 6.7400000E+00
 6.7280000E+00
 6.7160000E+00
 6.7040000E+00
 6.6920000E+00
 6.6800000E+00
 6.6680000E+00
 6.6560000E+00
 6.6440000E+00
 6.6320000E+00
 6.6200000E+00
 6.6080000E+00
 6.5960000E+00
 6.5840000E+00
 6.5720000E+00
 6.5600000E+00
 6.5480000E+00
 6.5360000E+00
 6.5240000E+00
 6.5120000E+00
 6.5000000E+00
 6.4880000E+00
 6.4760000E+00
 6.4640000E+00
 6.4520000E+00
 6.4400000E+00
 6.4280000E+00
 6.4160000E+00
 6.4040000E+00
 6.3920000E+00
 6.3800000E+00
 6.3680000E+00
 6.3560000E+00
 6.3440000E+00
 6.3320000E+00
 6.3200000E+00
 6.3080000E+00
 6.2960000E+00
 6.2840000E+00
 6.2720000E+00
 6.2600000E+00
 6.2480000E+00
 6.2360000E+00
 6.2240000E+00
 6.2120000E+00
 6.2000000E+00
 --------------------------------------------------------------
 elongation
 1.0000000E+00
 1.0150000E+00
 1.0300000E+00
 1.0450000E+00
 1.0600000E+00
 1.0750000E+00
 1.0900000E+00
 1.1050000E+00
 1.1200000E+00
 1.1350000E+00
 1.1500000E+00
 1.1650000E+00
 1.1800000E+00
 1.1950000E+00
 1.2100000E+00
 1.2250000E+00
 1.2400000E+00
 1.2550000E+00
 1.2700000E+00
 1.2850000E+00
 1.3000000E+00
 1.3150000E+00
 1.3300000E+00
 1.3450000E+00
 1.3600000E+00
 1.3750000E+00
 1.3900000E+00
 1.4050000E+00
 1.4200000E+00
 1.4350000E+00
 1.4500000E+00
 1.4650000E+00
 1.4800000E+00
 1.4950000E+00
 1.5100000E+00
 1.5250000E+00
 1.5400000E+00
 1.5550000E+00
 1.5700000E+00
 1.5850000E+00
 1.6000000E+00
 1.6150000E+00
 1.6300000E+00
 1.6450000E+00
 1.6600000E+00
 1.6750000E+00
 1.6900000E+00
 1.7050000E+00
 1.7200000E+00
 1.7350000E+00
 1.7500000E+00
 --------------------------------------------------------------
 triangularity
 0.0000000E+00
 4.0000000E-03
 8.0000000E-03
 1.2000000E-02
 1.6000000E-02
 2.0000000E-02
 2.4000000E-02
 2.8000000E-02
 3.2000000E-02
 3.6000000E-02
 4.0000000E-02
 4.4000000E-02
 4.8000000E-02
 5.2000000E-02
 5.6000000E-02
 6.0000000E-02
 6.4000000E-02
 6.8000000E-02
 7.2000000E-02
 7.6000000E-02
 8.0000000E-02
 8.4000000E-02
 8.8000000E-02
 9.2000000E-02
 9.6000000E-02
 1.0000000E-01
 1.0400000E-01
 1.0800000E-01
 1.1200000E-01
 1.1600000E-01
 1.2000000E-01
 1.2400000E-01
 1.2800000E-01
 1.3200000E-01
 1.3600000E-01
 1.4000000E-01
 1.4400000E-01
 1.4800000E-01
 1.5200000E-01
 1.5600000E-01
 1.6000000E-01
 1.6400000E-01
 1.6800000E-01
 1.7200000E-01
 1.7600000E-01
 1.8000000E-01
 1.8400000E-01
 1.8800000E-01
 1.9200000E-01
 1.9600000E-01
 2.0000000E-01
 --------------------------------------------------------------
 slowing down alpha profiles
 --------------------------------------------------------------
 alpha density in 10**19 1/m**3
 3.8621156E-02
 3.8556875E-02
 3.8364603E-02
 3.8046056E-02
 3.7604065E-02
 3.7042547E-02
 3.6366454E-02
 3.5581713E-02
 3.4695153E-02
 3.3714423E-02
 3.2647895E-02
 3.1504565E-02
 3.0293940E-02
 2.9025926E-02
 2.7710707E-02
 2.6358622E-02
 2.4980045E-02
 2.3585258E-02
 2.2184338E-02
 2.0787037E-02
 1.9402676E-02
 1.8040045E-02
 1.6707309E-02
 1.5411932E-02
 1.4160607E-02
 1.2959201E-02
 1.1812715E-02
 1.0725259E-02
 9.7000440E-03
 8.7393836E-03
 7.8447166E-03
 7.0166414E-03
 6.2549646E-03
 5.5587619E-03
 4.9264506E-03
 4.3558705E-03
 3.8443726E-03
 3.3889132E-03
 2.9861508E-03
 2.6325437E-03
 2.3244469E-03
 2.0582053E-03
 1.8302436E-03
 1.6371498E-03
 1.4757537E-03
 1.3431997E-03
 1.2370171E-03
 1.1551885E-03
 1.0962214E-03
 1.0592286E-03
 1.0440232E-03
 --------------------------------------------------------------
 alpha source profiles
 --------------------------------------------------------------
 alpha source in 10**19 1/m**3/sec
 5.2430054E-02
 5.2370345E-02
 5.2191583E-02
 5.1894850E-02
 5.1481946E-02
 5.0955365E-02
 5.0318284E-02
 4.9574535E-02
 4.8728571E-02
 4.7785436E-02
 4.6750725E-02
 4.5630535E-02
 4.4431421E-02
 4.3160345E-02
 4.1824616E-02
 4.0431836E-02
 3.8989842E-02
 3.7506637E-02
 3.5990333E-02
 3.4449086E-02
 3.2891029E-02
 3.1324211E-02
 2.9756535E-02
 2.8195694E-02
 2.6649117E-02
 2.5123909E-02
 2.3626801E-02
 2.2164102E-02
 2.0741654E-02
 1.9364798E-02
 1.8038340E-02
 1.6766524E-02
 1.5553019E-02
 1.4400903E-02
 1.3312664E-02
 1.2290210E-02
 1.1334878E-02
 1.0447462E-02
 9.6282515E-03
 8.8770730E-03
 8.1933473E-03
 7.5761561E-03
 7.0243196E-03
 6.5364848E-03
 6.1112246E-03
 5.7471482E-03
 5.4430223E-03
 5.1979022E-03
 5.0112743E-03
 4.8832072E-03
 4.8145136E-03
 --------------------------------------------------------------
 alpha equivalent Maxwellian temperature in keV
 9.0927149E+02
 9.0915432E+02
 9.0880276E+02
 9.0821664E+02
 9.0739568E+02
 9.0633948E+02
 9.0504758E+02
 9.0351940E+02
 9.0175429E+02
 8.9975157E+02
 8.9751048E+02
 8.9503027E+02
 8.9231020E+02
 8.8934954E+02
 8.8614767E+02
 8.8270406E+02
 8.7901835E+02
 8.7509040E+02
 8.7092033E+02
 8.6650863E+02
 8.6185619E+02
 8.5696445E+02
 8.5183546E+02
 8.4647202E+02
 8.4087783E+02
 8.3505762E+02
 8.2901738E+02
 8.2276450E+02
 8.1630807E+02
 8.0965912E+02
 8.0283093E+02
 7.9583937E+02
 7.8870329E+02
 7.8144495E+02
 7.7409050E+02
 7.6667050E+02
 7.5922046E+02
 7.5178144E+02
 7.4440063E+02
 7.3713192E+02
 7.3003641E+02
 7.2318277E+02
 7.1664743E+02
 7.1051449E+02
 7.0487520E+02
 6.9982691E+02
 6.9547146E+02
 6.9191285E+02
 6.8925420E+02
 6.8759413E+02
 6.8702274E+02
 --------------------------------------------------------------
 E_alpha normed E_c: E_c_hat=E_c/E_alpha   cross over energy
 1.5187179E-01
 1.5178713E-01
 1.5153334E-01
 1.5111104E-01
 1.5052124E-01
 1.4976537E-01
 1.4884526E-01
 1.4776313E-01
 1.4652164E-01
 1.4512382E-01
 1.4357315E-01
 1.4187347E-01
 1.4002905E-01
 1.3804457E-01
 1.3592512E-01
 1.3367617E-01
 1.3130362E-01
 1.2881377E-01
 1.2621333E-01
 1.2350942E-01
 1.2070954E-01
 1.1782163E-01
 1.1485402E-01
 1.1181544E-01
 1.0871505E-01
 1.0556240E-01
 1.0236744E-01
 9.9140537E-02
 9.5892465E-02
 9.2634401E-02
 8.9377929E-02
 8.6135039E-02
 8.2918130E-02
 7.9740004E-02
 7.6613871E-02
 7.3553349E-02
 7.0572459E-02
 6.7685632E-02
 6.4907704E-02
 6.2253917E-02
 5.9739919E-02
 5.7381767E-02
 5.5195921E-02
 5.3199251E-02
 5.1409030E-02
 4.9842941E-02
 4.8519070E-02
 4.7455912E-02
 4.6672368E-02
 4.6187744E-02
 4.6021754E-02
 --------------------------------------------------------------
 --------------------------------------------------------------
 slowing down alpha2 profiles
 --------------------------------------------------------------
 alpha density in 10**19 1/m**3
 1.0199362E-01
 1.0195119E-01
 1.5245639E-01
 1.6841176E-01
 1.7661068E-01
 1.8208571E-01
 1.8602678E-01
 1.8898251E-01
 1.6627930E-01
 1.4988092E-01
 1.3873934E-01
 1.3374388E-01
 1.2519567E-01
 1.2673404E-01
 1.2195348E-01
 9.9042975E-02
 8.3912997E-02
 7.0458628E-02
 5.4834683E-02
 4.4329773E-02
 3.7432816E-02
 3.2327914E-02
 2.8320152E-02
 2.5057403E-02
 2.2333953E-02
 2.0018489E-02
 1.8021919E-02
 1.6281026E-02
 1.4749395E-02
 1.3392009E-02
 1.2181869E-02
 1.1097780E-02
 1.0122853E-02
 9.2434502E-03
 8.4484452E-03
 7.7286668E-03
 7.0764928E-03
 6.4855372E-03
 5.9504112E-03
 5.4665354E-03
 5.0299911E-03
 4.6374027E-03
 4.2858417E-03
 3.9727506E-03
 3.6958803E-03
 3.4532405E-03
 3.2430592E-03
 3.0637506E-03
 2.9138895E-03
 2.7921901E-03
 2.7923538E-03
 --------------------------------------------------------------
 alpha2 source profiles
 --------------------------------------------------------------
 alpha2 source in 10**19 1/m**3/sec
 8.7389806E-02
 8.7389806E-02
 1.3084488E-01
 1.4484024E-01
 1.5233680E-01
 1.5765332E-01
 1.6181336E-01
 1.6529097E-01
 1.4636488E-01
 1.3289397E-01
 1.2402668E-01
 1.2065642E-01
 1.1408809E-01
 1.1677287E-01
 1.1372980E-01
 9.3579375E-02
 8.0411649E-02
 6.8553026E-02
 5.4229177E-02
 4.4612276E-02
 3.8379767E-02
 3.3809759E-02
 3.0249060E-02
 2.7368752E-02
 2.4977590E-02
 2.2953936E-02
 2.1215470E-02
 1.9703879E-02
 1.8376372E-02
 1.7200659E-02
 1.6151812E-02
 1.5210218E-02
 1.4360191E-02
 1.3589017E-02
 1.2886264E-02
 1.2243280E-02
 1.1652825E-02
 1.1108788E-02
 1.0605973E-02
 1.0139932E-02
 9.7068317E-03
 9.3033539E-03
 8.9266078E-03
 8.5740642E-03
 8.2435005E-03
 7.9329556E-03
 7.6406920E-03
 7.3651652E-03
 7.1049975E-03
 6.8589562E-03
 6.8589562E-03
 --------------------------------------------------------------
 alpha2 equivalent Maxwellian temperature in keV
 3.0794744E+02
 3.0791347E+02
 3.0781151E+02
 3.0764142E+02
 3.0740298E+02
 3.0709586E+02
 3.0671965E+02
 3.0627387E+02
 3.0575792E+02
 3.0517118E+02
 3.0451291E+02
 3.0378233E+02
 3.0297859E+02
 3.0210083E+02
 3.0114811E+02
 3.0011949E+02
 2.9901404E+02
 2.9783084E+02
 2.9656899E+02
 2.9522767E+02
 2.9380616E+02
 2.9230386E+02
 2.9072035E+02
 2.8905542E+02
 2.8730913E+02
 2.8548190E+02
 2.8357455E+02
 2.8158838E+02
 2.7952529E+02
 2.7738789E+02
 2.7517960E+02
 2.7290480E+02
 2.7056900E+02
 2.6817900E+02
 2.6574308E+02
 2.6327121E+02
 2.6077530E+02
 2.5826939E+02
 2.5576991E+02
 2.5329589E+02
 2.5086916E+02
 2.4851451E+02
 2.4625974E+02
 2.4413559E+02
 2.4217558E+02
 2.4041556E+02
 2.3889307E+02
 2.3764640E+02
 2.3671344E+02
 2.3613022E+02
 2.3592936E+02
 --------------------------------------------------------------
 E_alpha2 normed E_c: E_c_hat=E_c/E_alpha   cross over energy
 3.3221954E-01
 3.3203434E-01
 3.3147918E-01
 3.3055540E-01
 3.2926522E-01
 3.2761176E-01
 3.2559900E-01
 3.2323185E-01
 3.2051608E-01
 3.1745837E-01
 3.1406626E-01
 3.1034821E-01
 3.0631355E-01
 3.0197251E-01
 2.9733620E-01
 2.9241662E-01
 2.8722667E-01
 2.8178013E-01
 2.7609167E-01
 2.7017685E-01
 2.6405212E-01
 2.5773481E-01
 2.5124316E-01
 2.4459628E-01
 2.3781418E-01
 2.3091775E-01
 2.2392877E-01
 2.1686992E-01
 2.0976477E-01
 2.0263775E-01
 1.9551422E-01
 1.8842040E-01
 1.8138341E-01
 1.7443126E-01
 1.6759284E-01
 1.6089795E-01
 1.5437725E-01
 1.4806232E-01
 1.4198560E-01
 1.3618044E-01
 1.3068107E-01
 1.2552261E-01
 1.2074108E-01
 1.1637336E-01
 1.1245725E-01
 1.0903143E-01
 1.0613547E-01
 1.0380981E-01
 1.0209581E-01
 1.0103569E-01
 1.0067259E-01
 --------------------------------------------------------------
 --------------------------------------------------------------
 correct -K(0) pinch with max at -1.5
 1.0090504E+00
 1.0091618E+00
 1.0094960E+00
 1.0100526E+00
 1.0108310E+00
 1.0118303E+00
 1.0130494E+00
 1.0144870E+00
 1.0161414E+00
 1.0180107E+00
 1.0200926E+00
 1.0223848E+00
 1.0248843E+00
 1.0275880E+00
 1.0304924E+00
 1.0335936E+00
 1.0368874E+00
 1.0403690E+00
 1.0440332E+00
 1.0478745E+00
 1.0518867E+00
 1.0560631E+00
 1.0603965E+00
 1.0648787E+00
 1.0695013E+00
 1.0742547E+00
 1.0791288E+00
 1.0841124E+00
 1.0891933E+00
 1.0943583E+00
 1.0995929E+00
 1.1048813E+00
 1.1102061E+00
 1.1155486E+00
 1.1208878E+00
 1.1262010E+00
 1.1314632E+00
 1.1366469E+00
 1.1417219E+00
 1.1466551E+00
 1.1514104E+00
 1.1559483E+00
 1.1602260E+00
 1.1641973E+00
 1.1678130E+00
 1.1710211E+00
 1.1737675E+00
 1.1759970E+00
 1.1776543E+00
 1.1786854E+00
 1.1790397E+00
 --------------------------------------------------------------
 --------------------------------------------------------------
 incorrect -K(0) pinch
 1.4709429E+00
 1.4709738E+00
 1.4710662E+00
 1.4712198E+00
 1.4714336E+00
 1.4717064E+00
 1.4720368E+00
 1.4724228E+00
 1.4728624E+00
 1.4733532E+00
 1.4738924E+00
 1.4744771E+00
 1.4751042E+00
 1.4757702E+00
 1.4764716E+00
 1.4772047E+00
 1.4779656E+00
 1.4787503E+00
 1.4795548E+00
 1.4803750E+00
 1.4812068E+00
 1.4820461E+00
 1.4828888E+00
 1.4837309E+00
 1.4845686E+00
 1.4853980E+00
 1.4862155E+00
 1.4870177E+00
 1.4878013E+00
 1.4885633E+00
 1.4893009E+00
 1.4900116E+00
 1.4906930E+00
 1.4913432E+00
 1.4919605E+00
 1.4925434E+00
 1.4930907E+00
 1.4936016E+00
 1.4940753E+00
 1.4945116E+00
 1.4949101E+00
 1.4952708E+00
 1.4955939E+00
 1.4958796E+00
 1.4961279E+00
 1.4963392E+00
 1.4965135E+00
 1.4966505E+00
 1.4967498E+00
 1.4968105E+00
 1.4968312E+00
 --------------------------------------------------------------
 --------------------------------------------------------------
 incrrect/correct  -K(0)
 1.4577496E+00
 1.4576193E+00
 1.4572283E+00
 1.4565774E+00
 1.4556672E+00
 1.4544992E+00
 1.4530750E+00
 1.4513964E+00
 1.4494660E+00
 1.4472866E+00
 1.4448613E+00
 1.4421939E+00
 1.4392885E+00
 1.4361497E+00
 1.4327826E+00
 1.4291929E+00
 1.4253868E+00
 1.4213710E+00
 1.4171530E+00
 1.4127407E+00
 1.4081429E+00
 1.4033688E+00
 1.3984287E+00
 1.3933332E+00
 1.3880942E+00
 1.3827241E+00
 1.3772364E+00
 1.3716453E+00
 1.3659662E+00
 1.3602157E+00
 1.3544112E+00
 1.3485717E+00
 1.3427173E+00
 1.3368698E+00
 1.3310525E+00
 1.3252904E+00
 1.3196105E+00
 1.3140418E+00
 1.3086158E+00
 1.3033662E+00
 1.2983294E+00
 1.2935447E+00
 1.2890540E+00
 1.2849021E+00
 1.2811366E+00
 1.2778072E+00
 1.2749658E+00
 1.2726652E+00
 1.2709586E+00
 1.2698982E+00
 1.2695341E+00
 --------------------------------------------------------------
 --------------------------------------------------------------
 orbit smeared slowing down alpha profiles
 --------------------------------------------------------------
 smeared alpha density in 10**19 1/m**3
 3.8524633E-02
 3.8524633E-02
 3.8228446E-02
 3.7736600E-02
 3.7062740E-02
 3.6225025E-02
 3.5245126E-02
 3.4147099E-02
 3.2956197E-02
 3.1697714E-02
 3.0395929E-02
 2.9538602E-02
 2.8923083E-02
 2.8100417E-02
 2.7107945E-02
 2.5987000E-02
 2.4776240E-02
 2.3506533E-02
 2.2200545E-02
 2.0875347E-02
 1.9544936E-02
 1.8221535E-02
 1.6916029E-02
 1.5638102E-02
 1.4396282E-02
 1.3197968E-02
 1.2052215E-02
 1.0965079E-02
 9.9402926E-03
 8.9804063E-03
 8.0869031E-03
 7.2602979E-03
 6.5002330E-03
 5.8055744E-03
 5.1745125E-03
 4.6046685E-03
 4.0932065E-03
 3.6369538E-03
 3.2325462E-03
 2.8766308E-03
 2.5661360E-03
 2.2984909E-03
 2.0715360E-03
 1.8830030E-03
 1.7298654E-03
 1.6080687E-03
 1.5128237E-03
 1.4392036E-03
 1.3826823E-03
 1.3394336E-03
 1.3064018E-03
 --------------------------------------------------------------
 --------------------------------------------------------
 gradient slowing down alpha profiles
 --------------------------------------------------------------
 alpha density gradient in 10**19 1/m**3 per m
  0.000000000000000E+000
 3.2069084E-03
 6.3852293E-03
 9.5067269E-03
 1.2543865E-02
 1.5470144E-02
 1.8260430E-02
 2.0891257E-02
 2.3341118E-02
 2.5590722E-02
 2.7623228E-02
 2.9424444E-02
 3.0982987E-02
 3.2290413E-02
 3.3341296E-02
 3.4133275E-02
 3.4667050E-02
 3.4946334E-02
 3.4977767E-02
 3.4770777E-02
 3.4337405E-02
 3.3692089E-02
 3.2851402E-02
 3.1833770E-02
 3.0659143E-02
 2.9348660E-02
 2.7924273E-02
 2.6408382E-02
 2.4823443E-02
 2.3191593E-02
 2.1534278E-02
 1.9871901E-02
 1.8223494E-02
 1.6606424E-02
 1.5036143E-02
 1.3525976E-02
 1.2086966E-02
 1.0727772E-02
 9.4546183E-03
 8.2712996E-03
 7.1792307E-03
 6.1775405E-03
 5.2631929E-03
 4.4311244E-03
 3.6743772E-03
 2.9842070E-03
 2.3501399E-03
 1.7599460E-03
 1.1994986E-03
 6.5247836E-04
 3.8013611E-04
 --------------------------------------------------------------
 --------------------------------------------------------
 normed inverse temerpature gradient length
  slowing down alpha profiles:  a/LT_alpha
 --------------------------------------------------------------
  0.000000000000000E+000
 1.2889105E-02
 2.5794441E-02
 3.8732173E-02
 5.1718326E-02
 6.4768709E-02
 7.7898836E-02
 9.1123825E-02
 1.0445829E-01
 1.1791623E-01
 1.3151085E-01
 1.4525441E-01
 1.5915800E-01
 1.7323131E-01
 1.8748233E-01
 2.0191699E-01
 2.1653876E-01
 2.3134813E-01
 2.4634207E-01
 2.6151331E-01
 2.7684948E-01
 2.9233220E-01
 3.0793590E-01
 3.2362643E-01
 3.3935951E-01
 3.5507881E-01
 3.7071374E-01
 3.8617693E-01
 4.0136120E-01
 4.1613619E-01
 4.3034442E-01
 4.4379698E-01
 4.5626862E-01
 4.6749259E-01
 4.7715518E-01
 4.8489031E-01
 4.9027462E-01
 4.9282369E-01
 4.9199024E-01
 4.8716577E-01
 4.7768698E-01
 4.6284911E-01
 4.4192833E-01
 4.1421500E-01
 3.7905958E-01
 3.3593101E-01
 2.8448545E-01
 2.2464028E-01
 1.5664438E-01
 8.1132793E-02
 4.1584813E-02
 --------------------------------------------------------------
 --------------------------------------------------------
 normed inverse density gradient length
  slowing down alpha profiles:  a/Ln_alpha
 --------------------------------------------------------------
  0.000000000000000E+000
 1.6648613E-01
 3.3405644E-01
 5.0384650E-01
 6.7689895E-01
 8.5411365E-01
 1.0361960E+00
 1.2236036E+00
 1.4164934E+00
 1.6146730E+00
 1.8175610E+00
 1.9922706E+00
 2.1424402E+00
 2.2982160E+00
 2.4598911E+00
 2.6269500E+00
 2.7984108E+00
 2.9733295E+00
 3.1510727E+00
 3.3312765E+00
 3.5136881E+00
 3.6980517E+00
 3.8840561E+00
 4.0713086E+00
 4.2593141E+00
 4.4474511E+00
 4.6338823E+00
 4.8168155E+00
 4.9945094E+00
 5.1649317E+00
 5.3257168E+00
 5.4741283E+00
 5.6070279E+00
 5.7208549E+00
 5.8116174E+00
 5.8748966E+00
 5.9058665E+00
 5.8993170E+00
 5.8496415E+00
 5.7506855E+00
 5.5953627E+00
 5.3753013E+00
 5.0814399E+00
 4.7064443E+00
 4.2481655E+00
 3.7115417E+00
 3.1069580E+00
 2.4457221E+00
 1.7350314E+00
 9.7426011E-01
 5.8195894E-01
 --------------------------------------------------------------
 --------------------------------------------------------
 gradient orbit smeared slowing down alpha profiles
 --------------------------------------------------------------
 smeared alpha density gradient in 10**19 1/m**3 per m
 0.0000000E+00
 3.7023290E-03
 9.8504122E-03
 1.4571334E-02
 1.8894679E-02
 2.2720166E-02
 2.5974085E-02
 2.8611621E-02
 3.0617313E-02
 3.2003344E-02
 2.6988893E-02
 1.8410579E-02
 1.7977320E-02
 2.2689222E-02
 2.6417701E-02
 2.9146310E-02
 3.1005848E-02
 3.2196190E-02
 3.2889821E-02
 3.3195111E-02
 3.3172653E-02
 3.2861344E-02
 3.2292909E-02
 3.1496835E-02
 3.0501668E-02
 2.9300835E-02
 2.7911116E-02
 2.6399033E-02
 2.4808411E-02
 2.3167370E-02
 2.1501355E-02
 1.9833376E-02
 1.8184044E-02
 1.6571507E-02
 1.5011323E-02
 1.3516324E-02
 1.2096434E-02
 1.0758254E-02
 9.5040371E-03
 8.3301280E-03
 7.2267496E-03
 6.1824993E-03
 5.1935981E-03
 4.2708832E-03
 3.4366788E-03
 2.7130209E-03
 2.1108141E-03
 1.6267675E-03
 1.2471248E-03
 9.5350599E-04
 8.2579387E-04
 --------------------------------------------------------------
 --------------------------------------------------------
 slowing down alpha beta-percent profile
 --------------------------------------------------------------
 5.2090181E-01
 5.1996780E-01
 5.1717482E-01
 5.1254986E-01
 5.0613751E-01
 4.9799933E-01
 4.8821305E-01
 4.7687148E-01
 4.6408128E-01
 4.4996151E-01
 4.3464205E-01
 4.1826183E-01
 4.0096700E-01
 3.8290901E-01
 3.6424259E-01
 3.4512375E-01
 3.2570781E-01
 3.0614740E-01
 2.8659059E-01
 2.6717911E-01
 2.4804670E-01
 2.2931762E-01
 2.1110535E-01
 1.9351147E-01
 1.7662485E-01
 1.6052094E-01
 1.4526145E-01
 1.3089419E-01
 1.1745319E-01
 1.0495909E-01
 9.3419680E-02
 8.2830774E-02
 7.3177156E-02
 6.4433761E-02
 5.6566967E-02
 4.9535976E-02
 4.3294267E-02
 3.7791059E-02
 3.2972774E-02
 2.8784443E-02
 2.5171040E-02
 2.2078714E-02
 1.9455906E-02
 1.7254342E-02
 1.5429900E-02
 1.3943385E-02
 1.2761215E-02
 1.1856084E-02
 1.1207654E-02
 1.0803361E-02
 1.0639428E-02
 --------------------------------------------------------------
 --------------------------------------------------------
 plasma beta-percent profile
 --------------------------------------------------------------
 4.5110377E+00
 4.5084111E+00
 4.5005382E+00
 4.4874400E+00
 4.4691514E+00
 4.4457211E+00
 4.4172120E+00
 4.3837003E+00
 4.3452765E+00
 4.3020442E+00
 4.2541211E+00
 4.2016379E+00
 4.1447389E+00
 4.0835815E+00
 4.0183361E+00
 3.9491861E+00
 3.8763274E+00
 3.7999686E+00
 3.7203306E+00
 3.6376464E+00
 3.5521608E+00
 3.4641304E+00
 3.3738229E+00
 3.2815175E+00
 3.1875040E+00
 3.0920828E+00
 2.9955647E+00
 2.8982702E+00
 2.8005295E+00
 2.7026822E+00
 2.6050767E+00
 2.5080700E+00
 2.4120271E+00
 2.3173211E+00
 2.2243321E+00
 2.1334474E+00
 2.0450607E+00
 1.9595719E+00
 1.8773863E+00
 1.7989145E+00
 1.7245717E+00
 1.6547774E+00
 1.5899545E+00
 1.5305292E+00
 1.4769302E+00
 1.4295885E+00
 1.3889361E+00
 1.3554065E+00
 1.3294330E+00
 1.3114490E+00
 1.3018868E+00
 --------------------------------------------------------------
 --------------------------------------------------------
 slowing down alpha density profile used by Gorelenko(NF:2003) & Chen(PoP:2010)
 (1.-rho_jat(i)**2)**(7./2.)
 density  in 10**19 1/m**3
 --------------------------------------------------------------
 3.8621156E-02
 3.8567113E-02
 3.8405310E-02
 3.8136715E-02
 3.7762941E-02
 3.7286228E-02
 3.6709435E-02
 3.6036021E-02
 3.5270022E-02
 3.4416031E-02
 3.3479163E-02
 3.2465028E-02
 3.1379697E-02
 3.0229655E-02
 2.9021770E-02
 2.7763240E-02
 2.6461547E-02
 2.5124408E-02
 2.3759722E-02
 2.2375512E-02
 2.0979869E-02
 1.9580891E-02
 1.8186624E-02
 1.6804996E-02
 1.5443758E-02
 1.4110412E-02
 1.2812154E-02
 1.1555805E-02
 1.0347745E-02
 9.1938537E-03
 8.0994435E-03
 7.0692023E-03
 6.1071346E-03
 5.2165069E-03
 4.3997974E-03
 3.6586502E-03
 2.9938356E-03
 2.4052175E-03
 1.8917291E-03
 1.4513584E-03
 1.0811452E-03
 7.7719303E-04
 5.3469681E-04
 3.4799155E-04
 2.1062606E-04
 1.1546833E-04
 5.4852260E-05
 2.0780725E-05
 5.2111250E-06
 4.7726372E-07
 0.0000000E+00
 --------------------------------------------------------------
 --------------------------------------------------------
 slowing down alpha density gradient  profile used by Gorelenko(NF:2003) & Chen(
 PoP:2010)
 (1.-rho_jat(i)**2)**(7./2.)
 density gradient in 10**19 1/m**3 per m
 --------------------------------------------------------------
 0.0000000E+00
 2.7007783E-03
 5.3853600E-03
 8.0376458E-03
 1.0641731E-02
 1.3182000E-02
 1.5643225E-02
 1.8010659E-02
 2.0270128E-02
 2.2408122E-02
 2.4411889E-02
 2.6269516E-02
 2.7970018E-02
 2.9503417E-02
 3.0860824E-02
 3.2034507E-02
 3.3017973E-02
 3.3806022E-02
 3.4394818E-02
 3.4781944E-02
 3.4966448E-02
 3.4948895E-02
 3.4731400E-02
 3.4317661E-02
 3.3712984E-02
 3.2924294E-02
 3.1960144E-02
 3.0830705E-02
 2.9547758E-02
 2.8124658E-02
 2.6576299E-02
 2.4919053E-02
 2.3170700E-02
 2.1350338E-02
 1.9478270E-02
 1.7575868E-02
 1.5665419E-02
 1.3769923E-02
 1.1912878E-02
 1.0117999E-02
 8.4089071E-03
 6.8087423E-03
 5.3397032E-03
 4.0224830E-03
 2.8755685E-03
 1.9143433E-03
 1.1498976E-03
 5.8735899E-04
 2.2333393E-04
 4.1338751E-05
 0.0000000E+00
 --------------------------------------------------------------
 --------------------------------------------------------
 normed log_e gradient slowing down alpha profiles
 --------------------------------------------------------------
  0.000000000000000E+000
 1.6634691E-01
 3.3287086E-01
 4.9974835E-01
 6.6715472E-01
 8.3526353E-01
 1.0042458E+00
 1.1742693E+00
 1.3454973E+00
 1.5180875E+00
 1.6921904E+00
 1.8679480E+00
 2.0454908E+00
 2.2249359E+00
 2.4063837E+00
 2.5899135E+00
 2.7755795E+00
 2.9634048E+00
 3.1533748E+00
 3.3454288E+00
 3.5394504E+00
 3.7352556E+00
 3.9325785E+00
 4.1310549E+00
 4.3302018E+00
 4.5293934E+00
 4.7278334E+00
 4.9245210E+00
 5.1182123E+00
 5.3073749E+00
 5.4901353E+00
 5.6642202E+00
 5.8268895E+00
 5.9748644E+00
 6.1042500E+00
 6.2104582E+00
 6.2881344E+00
 6.3310985E+00
 6.3323113E+00
 6.2838839E+00
 6.1771520E+00
 6.0028419E+00
 5.7513578E+00
 5.4132179E+00
 4.9796619E+00
 4.4434302E+00
 3.7996886E+00
 3.0470283E+00
 2.1884240E+00
 1.2319878E+00
 7.2821395E-01
 --------------------------------------------------------------
 --------------------------------------------------------
  slowing down alpha profiles normed to local electron density
 --------------------------------------------------------------
 3.9011269E-03
 3.8947754E-03
 3.8757762E-03
 3.8442941E-03
 3.8006017E-03
 3.7450760E-03
 3.6781943E-03
 3.6005279E-03
 3.5127360E-03
 3.4155577E-03
 3.3098029E-03
 3.1963432E-03
 3.0761015E-03
 2.9500411E-03
 2.8191542E-03
 2.6844508E-03
 2.5469466E-03
 2.4076516E-03
 2.2675582E-03
 2.1276307E-03
 1.9887942E-03
 1.8519249E-03
 1.7178410E-03
 1.5872946E-03
 1.4609650E-03
 1.3394523E-03
 1.2232738E-03
 1.1128604E-03
 1.0085554E-03
 9.1061426E-04
 8.1920600E-04
 7.3441616E-04
 6.5625100E-04
 5.8464296E-04
 5.1945737E-04
 4.6050010E-04
 4.0752605E-04
 3.6024828E-04
 3.1834754E-04
 2.8148202E-04
 2.4929717E-04
 2.2143526E-04
 1.9754469E-04
 1.7728893E-04
 1.6035502E-04
 1.4646164E-04
 1.3536711E-04
 1.2687742E-04
 1.2085488E-04
 1.1722784E-04
 1.1600257E-04
 --------------------------------------------------------------
 --------------------------------------------------------
  bannana half width relative to r_minor
 --------------------------------------------------------------
 0.0000000E+00
 2.0000000E-02
 4.0000000E-02
 6.0000000E-02
 8.0000000E-02
 1.0000000E-01
 1.2000000E-01
 1.4000000E-01
 1.6000000E-01
 1.8000000E-01
 2.0000000E-01
 1.9939854E-01
 1.8253211E-01
 1.6823610E-01
 1.5595954E-01
 1.4529840E-01
 1.3594963E-01
 1.2768152E-01
 1.2031384E-01
 1.1370435E-01
 1.0773924E-01
 1.0232643E-01
 9.7390598E-02
 9.2869566E-02
 8.8711556E-02
 8.4873123E-02
 8.1806088E-02
 7.9588758E-02
 7.8119536E-02
 7.7310513E-02
 7.7085246E-02
 7.7376983E-02
 7.8127240E-02
 7.9284655E-02
 8.0804077E-02
 8.2645836E-02
 8.4775162E-02
 8.7161746E-02
 8.9779398E-02
 9.2605802E-02
 9.5622344E-02
 9.8814004E-02
 1.0216929E-01
 1.0568016E-01
 1.0934205E-01
 1.1315368E-01
 1.1711702E-01
 1.2123700E-01
 1.2552116E-01
 1.2997922E-01
 1.3462239E-01
 --------------------------------------------------------------
